\BOOKMARK [1][-]{section*.1}{\376\377\0000\0001\000\040\000I\000n\000t\000r\000o\000d\000u\000\347\000\343\000o\000\040\000\340\000\040\000I\000.\000A\000.\000\040\000A\000p\000l\000i\000c\000a\000d\000a\000\040\000a\000\040\000E\000m\000p\000r\000e\000s\000a\000s\000\040\000\050\000B\0002\000B\000\051}{}% 1
\BOOKMARK [2][-]{section*.2}{\376\377\0001\000.\0001\000\040\000O\000\040\000q\000u\000e\000\040\000\351\000\040\000B\0002\000B\000?}{section*.1}% 2
\BOOKMARK [3][-]{section*.3}{\376\377\000a\000\051\000\040\000B\000u\000s\000i\000n\000e\000s\000s\000\040\000t\000o\000\040\000B\000u\000s\000i\000n\000e\000s\000s}{section*.2}% 3
\BOOKMARK [3][-]{section*.4}{\376\377\000b\000\051\000\040\000B\000u\000s\000i\000n\000e\000s\000s\000\040\000t\000o\000\040\000C\000o\000n\000s\000u\000m\000e\000r\000\040\000\050\000B\0002\000C\000\051}{section*.2}% 4
\BOOKMARK [3][-]{section*.5}{\376\377\000c\000\051\000\040\000C\000o\000n\000s\000u\000m\000e\000r\000\040\000t\000o\000\040\000C\000o\000n\000s\000u\000m\000e\000r\000\040\000\050\000C\0002\000C\000\051}{section*.2}% 5
\BOOKMARK [3][-]{section*.6}{\376\377\000d\000\051\000\040\000B\000u\000s\000i\000n\000e\000s\000s\000\040\000t\000o\000\040\000G\000o\000v\000e\000r\000n\000m\000e\000n\000t\000\040\000\050\000B\0002\000G\000\051}{section*.2}% 6
\BOOKMARK [3][-]{section*.7}{\376\377\0001\000.\0001\000.\0001\000\040\000C\000a\000r\000a\000c\000t\000e\000r\000\355\000s\000t\000i\000c\000a\000s\000\040\000d\000o\000\040\000B\0002\000B}{section*.2}% 7
\BOOKMARK [2][-]{section*.8}{\376\377\0001\000.\0002\000\040\000M\000e\000r\000c\000a\000d\000o\000\040\000d\000e\000\040\000I\000.\000A\000.}{section*.1}% 8
\BOOKMARK [2][-]{section*.9}{\376\377\0001\000.\0003\000\040\000E\000c\000o\000s\000s\000i\000s\000t\000e\000m\000a\000\040\000d\000e\000\040\000I\000n\000t\000e\000l\000i\000g\000\352\000n\000c\000i\000a\000\040\000A\000r\000t\000i\000f\000i\000c\000i\000a\000l}{section*.1}% 9
\BOOKMARK [2][-]{section*.10}{\376\377\0001\000.\0004\000\040\000O\000p\000o\000r\000t\000u\000n\000i\000d\000a\000d\000e\000s}{section*.1}% 10
\BOOKMARK [2][-]{section*.11}{\376\377\0001\000.\0005\000\040\000S\000e\000t\000o\000r\000e\000s\000-\000C\000h\000a\000v\000e\000\040\000p\000a\000r\000a\000\040\000A\000d\000o\000\347\000\343\000o}{section*.1}% 11
\BOOKMARK [2][-]{section*.12}{\376\377\0001\000.\0006\000\040\000D\000i\000f\000e\000r\000e\000n\000\347\000a\000s\000\040\000d\000a\000\040\000I\000A\000\040\000p\000a\000r\000a\000\040\000B\0002\000B\000\040\000e\000\040\000B\0002\000C}{section*.1}% 12
\BOOKMARK [2][-]{section*.13}{\376\377\0001\000.\0007\000\040\000P\000r\000o\000c\000e\000s\000s\000o\000\040\000d\000e\000\040\000C\000o\000m\000p\000r\000a\000s\000\040\000B\0002\000B}{section*.1}% 13
\BOOKMARK [1][-]{section*.14}{\376\377\0000\0002\000\040\000D\000e\000s\000a\000f\000i\000o\000s\000\040\000e\000m\000\040\000I\000m\000p\000l\000e\000m\000e\000n\000t\000a\000r\000\040\000I\000.\000A\000.\000\040\000n\000a\000s\000\040\000E\000m\000p\000r\000e\000s\000a\000s}{}% 14
\BOOKMARK [2][-]{section*.15}{\376\377\0002\000.\0001\000\040\000P\000e\000r\000c\000e\000p\000\347\000\343\000o\000\040\000d\000o\000s\000\040\000C\000E\000O\000'\000s}{section*.14}% 15
\BOOKMARK [2][-]{section*.16}{\376\377\0002\000.\0002\000\040\000D\000i\000f\000e\000r\000e\000n\000t\000e\000s\000\040\000R\000e\000a\000l\000i\000d\000a\000d\000e\000s}{section*.14}% 16
\BOOKMARK [2][-]{section*.17}{\376\377\0002\000.\0003\000\040\000R\000e\000s\000u\000l\000t\000a\000d\000o\000s\000\040\000N\000\343\000o\000\040\000P\000e\000r\000c\000e\000b\000i\000d\000o\000s}{section*.14}% 17
\BOOKMARK [2][-]{section*.18}{\376\377\0002\000.\0004\000\040\000D\000e\000s\000a\000f\000i\000o\000s\000\040\000q\000u\000e\000\040\000I\000m\000p\000e\000d\000e\000m\000\040\000o\000\040\000'\000'\000A\000g\000o\000r\000a\000\040\000M\000e\000s\000m\000o\000'\000'}{section*.14}% 18
\BOOKMARK [2][-]{section*.19}{\376\377\0002\000.\0005\000\040\000E\000s\000t\000r\000a\000t\000\351\000g\000i\000a\000s\000\040\000p\000a\000r\000a\000\040\000S\000u\000p\000e\000r\000a\000r\000\040\000a\000\040\000A\000d\000o\000\347\000\343\000o\000\040\000d\000e\000\040\000I\000.\000A\000.}{section*.14}% 19
\BOOKMARK [2][-]{section*.20}{\376\377\0002\000.\0006\000\040\000M\000o\000d\000e\000l\000o\000\040\000d\000e\000\040\000M\000a\000t\000u\000r\000i\000d\000a\000d\000e\000\040\000d\000e\000\040\000I\000.\000A\000.}{section*.14}% 20
\BOOKMARK [2][-]{section*.21}{\376\377\0002\000.\0007\000\040\000M\000o\000d\000e\000l\000o\000\040\000d\000e\000\040\000I\000m\000p\000l\000e\000m\000e\000n\000t\000a\000\347\000\343\000o\000\040\000d\000e\000\040\000I\000.\000A\000.\000\040\000\050\0008\000\040\000p\000a\000s\000s\000o\000s\000\051}{section*.14}% 21
\BOOKMARK [2][-]{section*.22}{\376\377\0002\000.\0008\000\040\000I\000m\000p\000l\000e\000m\000e\000n\000t\000a\000r\000\040\000K\000P\000I\000'\000s\000\040\000\050\000I\000n\000d\000i\000c\000a\000d\000o\000r\000-\000C\000h\000a\000v\000e\000\040\000d\000e\000\040\000D\000e\000s\000e\000m\000p\000e\000n\000h\000o\000\051}{section*.14}% 22
\BOOKMARK [2][-]{section*.23}{\376\377\0002\000.\0009\000\040\000C\000a\000s\000o\000s\000\040\000d\000e\000\040\000S\000u\000c\000e\000s\000s\000o}{section*.14}% 23
\BOOKMARK [3][-]{section*.24}{\376\377\0002\000.\0009\000.\0001\000\040\000A\000g\000r\000o\000n\000e\000g\000\363\000c\000i\000o\000\040\000\267\000\040\000C\000a\000r\000t\000o\000g\000r\000a\000f\000i\000a\000\040\000e\000\040\000M\000a\000p\000e\000a\000m\000e\000n\000t\000o\000\040\000c\000o\000m\000\040\000D\000a\000d\000o\000s\000\040\000P\000\372\000b\000l\000i\000c\000o\000s}{section*.23}% 24
\BOOKMARK [3][-]{section*.25}{\376\377\0002\000.\0009\000.\0002\000\040\000E\000n\000e\000r\000g\000i\000a\000\040\000\267\000\040\000S\000i\000s\000t\000e\000m\000a\000\040\000E\000s\000p\000e\000c\000i\000a\000l\000i\000s\000t\000a\000\040\000d\000e\000\040\000O\000p\000e\000r\000a\000\347\000\343\000o\000\040\000d\000e\000\040\000C\000o\000m\000p\000o\000r\000t\000a\000\040\000d\000e\000\040\000B\000a\000r\000r\000a\000g\000e\000n\000s}{section*.23}% 25
\BOOKMARK [1][-]{section*.26}{\376\377\0000\0003\000\040\000C\000o\000m\000o\000\040\000F\000u\000n\000c\000i\000o\000n\000a\000\040\000u\000m\000a\000\040\000E\000m\000p\000r\000e\000s\000a\000\040\000P\000r\000o\000d\000u\000t\000o\000r\000a\000\040\000d\000e\000\040\000I\000.\000A\000.}{}% 26
\BOOKMARK [2][-]{section*.27}{\376\377\0003\000.\0001\000\040\000O\000\040\000T\000i\000m\000e\000\040\000T\000\355\000p\000i\000c\000o}{section*.26}% 27
\BOOKMARK [2][-]{section*.28}{\376\377\0003\000.\0002\000\040\000R\000e\000s\000p\000o\000n\000s\000a\000b\000i\000l\000i\000d\000a\000d\000e\000s}{section*.26}% 28
\BOOKMARK [3][-]{section*.29}{\376\377\0003\000.\0002\000.\0001\000\040\000R\000e\000s\000p\000o\000n\000s\000a\000b\000i\000l\000i\000d\000a\000d\000e\000s\000\040\000d\000e\000\040\000N\000e\000g\000\363\000c\000i\000o}{section*.28}% 29
\BOOKMARK [3][-]{section*.30}{\376\377\0003\000.\0002\000.\0002\000\040\000R\000e\000s\000p\000o\000n\000s\000a\000b\000i\000l\000i\000d\000a\000d\000e\000s\000\040\000T\000\351\000c\000n\000i\000c\000a\000s}{section*.28}% 30
\BOOKMARK [3][-]{section*.31}{\376\377\0003\000.\0002\000.\0003\000\040\000R\000e\000s\000p\000o\000n\000s\000a\000b\000i\000l\000i\000d\000a\000d\000e\000s\000\040\000d\000e\000\040\000P\000r\000o\000d\000u\000t\000o}{section*.28}% 31
\BOOKMARK [2][-]{section*.32}{\376\377\0003\000.\0003\000\040\000P\000r\000o\000c\000e\000s\000s\000o\000s\000\040\000p\000a\000r\000a\000\040\000D\000e\000s\000e\000n\000v\000o\000l\000v\000i\000m\000e\000n\000t\000o\000\040\000d\000e\000\040\000S\000o\000l\000u\000\347\000\365\000e\000s}{section*.26}% 32
\BOOKMARK [3][-]{section*.33}{\376\377\0003\000.\0003\000.\0001\000\040\000P\000r\000o\000d\000u\000t\000o\000\040\000\050\000M\000V\000P\000\051\000:\000\040\000C\000i\000c\000l\000o\000\040\000d\000e\000\040\000V\000e\000n\000t\000u\000r\000e\000\040\000D\000e\000s\000i\000g\000n}{section*.32}% 33
\BOOKMARK [3][-]{section*.34}{\376\377\0003\000.\0003\000.\0002\000\040\000P\000r\000o\000j\000e\000t\000o\000s\000\040\000\050\000C\000o\000n\000s\000u\000l\000t\000i\000v\000o\000\051\000:\000\040\000F\000u\000n\000i\000l\000\040\000C\000o\000m\000e\000r\000c\000i\000a\000l}{section*.32}% 34
\BOOKMARK [1][-]{section*.35}{\376\377\0000\0004\000\040\000M\000o\000d\000e\000l\000o\000s\000\040\000d\000e\000\040\000N\000e\000g\000\363\000c\000i\000o\000s\000\040\000p\000a\000r\000a\000\040\000P\000r\000o\000j\000e\000t\000o\000s\000\040\000d\000e\000\040\000I\000.\000A\000.}{}% 35
\BOOKMARK [2][-]{section*.36}{\376\377\0004\000.\0001\000\040\000M\000o\000d\000e\000l\000o\000\040\000d\000e\000\040\000N\000e\000g\000\363\000c\000i\000o\000s}{section*.35}% 36
\BOOKMARK [2][-]{section*.37}{\376\377\0004\000.\0002\000\040\000C\000o\000n\000s\000t\000r\000u\000\347\000\343\000o\000\040\000d\000e\000\040\000S\000o\000l\000u\000\347\000\365\000e\000s\000\040\000C\000u\000s\000t\000o\000m\000i\000z\000a\000d\000a\000s}{section*.35}% 37
\BOOKMARK [2][-]{section*.38}{\376\377\0004\000.\0003\000\040\000P\000r\000o\000p\000o\000s\000t\000a\000\040\000T\000\351\000c\000n\000i\000c\000o\000-\000C\000o\000m\000e\000r\000c\000i\000a\000l}{section*.35}% 38
\BOOKMARK [3][-]{section*.39}{\376\377\0004\000.\0003\000.\0001\000\040\000C\000\341\000l\000c\000u\000l\000o\000\040\000d\000e\000\040\000E\000s\000f\000o\000r\000\347\000o\000\040\000T\000\351\000c\000n\000i\000c\000o}{section*.38}% 39
\BOOKMARK [1][-]{section*.40}{\376\377\0000\0005\000\040\000D\000i\000n\000\342\000m\000i\000c\000a\000\040\000P\000r\000\341\000t\000i\000c\000a}{}% 40
\BOOKMARK [1][-]{section*.41}{\376\377\000R\000e\000f\000e\000r\000\352\000n\000c\000i\000a\000s}{}% 41
